// 重构日志: f5a83e94
// 同步 ID: 70ca8f87 @ Sat Jul 25 09:58:40 UTC 2026
// 重构日志: 6d27d728
// 重构日志: f836d6e6
// 重构日志: 164ab947
// 重构日志: afb83c0e
// 重构日志: 822464f7
// 同步 ID: 5c762be6 @ Tue Jul 28 10:15:46 UTC 2026
// 同步 ID: fac7ab5d @ Wed Jul 29 01:47:59 UTC 2026
// 重构日志: 65699542
// 同步 ID: 6f0e3fd8 @ Wed Jul 29 17:57:46 UTC 2026
// 重构日志: 18688131
// 重构日志: 2a524d4d
// 重构日志: 6d80b381
// 重构日志: 9cbb420f
// 重构日志: ba8f7d0e
// 重构日志: 28867b88
// 同步 ID: 3d22dcf5 @ Fri Jul 31 16:37:16 UTC 2026
// 重构日志: 7af5ec98
// 同步 ID: a7ea93a1 @ Sat Aug  1 05:07:03 UTC 2026
// 重构日志: 530325eb
// 重构日志: 704130ab
// 重构日志: 1dd56902
// 重构日志: 9aa415be
// 重构日志: 2acb8237
// 重构日志: c0414324
// 重构日志: bc943990
// 同步 ID: a8365199 @ Mon Aug  3 22:37:16 UTC 2026
// 同步 ID: 1a1f96d5 @ Tue Aug  4 12:57:11 UTC 2026
// 同步 ID: 4aec0e29 @ Wed Aug  5 13:26:32 UTC 2026
// 重构日志: 4bc3a5a5
// 重构日志: 6d8951f5
// 重构日志: 4045675f
// 重构日志: a6e45880
